C:\Users\ofeky_xoerp0y\Vscode_GitRepository\School\SPL\SPL-2-set\src\main\java\bguspl\set\UserInterface.java
C:\Users\ofeky_xoerp0y\Vscode_GitRepository\School\SPL\SPL-2-set\src\main\java\bguspl\set\Env.java
C:\Users\ofeky_xoerp0y\Vscode_GitRepository\School\SPL\SPL-2-set\src\main\java\bguspl\set\ex\Table.java
C:\Users\ofeky_xoerp0y\Vscode_GitRepository\School\SPL\SPL-2-set\src\main\java\bguspl\set\Main.java
C:\Users\ofeky_xoerp0y\Vscode_GitRepository\School\SPL\SPL-2-set\src\main\java\bguspl\set\ThreadLogger.java
C:\Users\ofeky_xoerp0y\Vscode_GitRepository\School\SPL\SPL-2-set\src\main\java\bguspl\set\UserInterfaceDecorator.java
C:\Users\ofeky_xoerp0y\Vscode_GitRepository\School\SPL\SPL-2-set\src\main\java\bguspl\set\Util.java
C:\Users\ofeky_xoerp0y\Vscode_GitRepository\School\SPL\SPL-2-set\src\main\java\bguspl\set\Config.java
C:\Users\ofeky_xoerp0y\Vscode_GitRepository\School\SPL\SPL-2-set\src\main\java\bguspl\set\ex\DealerObserver.java
C:\Users\ofeky_xoerp0y\Vscode_GitRepository\School\SPL\SPL-2-set\src\main\java\bguspl\set\InputManager.java
C:\Users\ofeky_xoerp0y\Vscode_GitRepository\School\SPL\SPL-2-set\src\main\java\bguspl\set\UtilImpl.java
C:\Users\ofeky_xoerp0y\Vscode_GitRepository\School\SPL\SPL-2-set\src\main\java\bguspl\set\ex\Player.java
C:\Users\ofeky_xoerp0y\Vscode_GitRepository\School\SPL\SPL-2-set\src\main\java\bguspl\set\UserInterfaceSwing.java
C:\Users\ofeky_xoerp0y\Vscode_GitRepository\School\SPL\SPL-2-set\src\main\java\bguspl\set\WindowManager.java
C:\Users\ofeky_xoerp0y\Vscode_GitRepository\School\SPL\SPL-2-set\src\main\java\bguspl\set\ex\Dealer.java
